I'm sorry, but errors were detected in your script. Please correct the
errors listed below, and try again.


File "game/images/bg/Main_Menu/Main_Menu.rpy", line 7: expected '=' not found.
    image Main_Menu_BG
                      ^

Ren'Py Version: Ren'Py 7.3.2.320
Mon Dec  2 19:40:55 2019
